{
    "time": "2026-03-02 12:01:02,096",
    "level": "INFO",
    "filename": "chroma_client.py",
    "lineno": 30,
    "message": "{'event': 'chroma_initialized', 'collection': 'company_documents', 'persist_dir': 'chroma_db'}"
}
{
    "time": "2026-03-02 12:01:07,512",
    "level": "INFO",
    "filename": "embedder.py",
    "lineno": 16,
    "message": "embedding started"
}
{
    "time": "2026-03-02 12:01:07,982",
    "level": "INFO",
    "filename": "embedder.py",
    "lineno": 24,
    "message": "Embedding completed"
}
{
    "time": "2026-03-02 12:01:08,008",
    "level": "INFO",
    "filename": "repository.py",
    "lineno": 57,
    "message": "{'event': 'vector_query', 'top_k': 3}"
}
{
    "time": "2026-03-02 12:01:08,009",
    "level": "INFO",
    "filename": "retriever.py",
    "lineno": 50,
    "message": "{'event': 'retrieval_success', 'query': 'Leave Policy', 'results_count': 3}"
}
