{
    "time": "2026-03-02 14:56:19,767",
    "level": "INFO",
    "filename": "chroma_client.py",
    "lineno": 30,
    "message": "{'event': 'chroma_initialized', 'collection': 'company_documents', 'persist_dir': 'chroma_db'}"
}
{
    "time": "2026-03-02 14:56:19,767",
    "level": "INFO",
    "filename": "pipeline.py",
    "lineno": 24,
    "message": "data ingestion pipeline started for file company_policy.txt"
}
{
    "time": "2026-03-02 14:56:19,768",
    "level": "INFO",
    "filename": "splitter.py",
    "lineno": 18,
    "message": "Chunking started"
}
{
    "time": "2026-03-02 14:56:19,768",
    "level": "INFO",
    "filename": "embedder.py",
    "lineno": 16,
    "message": "embedding started"
}
{
    "time": "2026-03-02 14:56:22,625",
    "level": "INFO",
    "filename": "embedder.py",
    "lineno": 24,
    "message": "Embedding completed"
}
{
    "time": "2026-03-02 14:56:22,647",
    "level": "INFO",
    "filename": "repository.py",
    "lineno": 34,
    "message": "{'event': 'documents_added', 'count': 9}"
}
{
    "time": "2026-03-02 14:56:22,647",
    "level": "INFO",
    "filename": "pipeline.py",
    "lineno": 39,
    "message": "data ingestion pipeline added"
}
{
    "time": "2026-03-02 14:56:22,647",
    "level": "INFO",
    "filename": "ingest.py",
    "lineno": 9,
    "message": "ingestion pipeline initiated with"
}
{
    "time": "2026-03-02 14:56:22,647",
    "level": "INFO",
    "filename": "ingest.py",
    "lineno": 10,
    "message": "Ingested 9 chunks"
}
