{
    "time": "2026-03-02 10:57:47,760",
    "level": "INFO",
    "filename": "chroma_client.py",
    "lineno": 30,
    "message": "{'event': 'chroma_initialized', 'collection': 'company_documents', 'persist_dir': 'chroma_db'}"
}
{
    "time": "2026-03-02 10:57:47,760",
    "level": "INFO",
    "filename": "pipeline.py",
    "lineno": 25,
    "message": "data ingestion pipeline started for file company_policy.txt"
}
{
    "time": "2026-03-02 10:57:47,760",
    "level": "INFO",
    "filename": "splitter.py",
    "lineno": 16,
    "message": "Chunking started"
}
{
    "time": "2026-03-02 10:57:47,761",
    "level": "INFO",
    "filename": "embedder.py",
    "lineno": 15,
    "message": "embedding started"
}
{
    "time": "2026-03-02 10:57:49,838",
    "level": "INFO",
    "filename": "embedder.py",
    "lineno": 27,
    "message": "Embedding completed"
}
{
    "time": "2026-03-02 10:57:49,862",
    "level": "INFO",
    "filename": "repository.py",
    "lineno": 35,
    "message": "{'event': 'documents_added', 'count': 6}"
}
{
    "time": "2026-03-02 10:57:49,862",
    "level": "INFO",
    "filename": "pipeline.py",
    "lineno": 43,
    "message": "data ingestion pipeline added"
}
{
    "time": "2026-03-02 10:57:49,862",
    "level": "INFO",
    "filename": "ingest.py",
    "lineno": 10,
    "message": "ingestion pipeline initiated with"
}
{
    "time": "2026-03-02 10:57:49,863",
    "level": "INFO",
    "filename": "ingest.py",
    "lineno": 11,
    "message": "Ingested 6 chunks"
}
