{
    "time": "2026-03-02 14:56:36,047",
    "level": "INFO",
    "filename": "chroma_client.py",
    "lineno": 30,
    "message": "{'event': 'chroma_initialized', 'collection': 'company_documents', 'persist_dir': 'chroma_db'}"
}
{
    "time": "2026-03-02 14:56:49,996",
    "level": "INFO",
    "filename": "embedder.py",
    "lineno": 16,
    "message": "embedding started"
}
{
    "time": "2026-03-02 14:56:50,047",
    "level": "INFO",
    "filename": "embedder.py",
    "lineno": 24,
    "message": "Embedding completed"
}
{
    "time": "2026-03-02 14:56:50,055",
    "level": "INFO",
    "filename": "repository.py",
    "lineno": 57,
    "message": "{'event': 'vector_query', 'top_k': 4}"
}
{
    "time": "2026-03-02 14:56:50,055",
    "level": "INFO",
    "filename": "retriever.py",
    "lineno": 48,
    "message": "{'event': 'retrieval_success', 'query': 'What is the leave policy', 'results_count': 4}"
}
{
    "time": "2026-03-02 14:56:50,055",
    "level": "INFO",
    "filename": "generator.py",
    "lineno": 22,
    "message": "generation part activated"
}
{
    "time": "2026-03-02 14:57:37,063",
    "level": "INFO",
    "filename": "generator.py",
    "lineno": 40,
    "message": "{'event': 'generation_success', 'query': 'What is the leave policy'}"
}
